// Jest Snapshot v1, https://goo.gl/fbAQLP

exports[`should render Header correctly 1`] = `
<header>
  <h1>
    Expensify
  </h1>
  <NavLink
    activeClassName="is-active"
    aria-current="page"
    exact={true}
    to="/"
  >
    Dashboard
  </NavLink>
  <NavLink
    activeClassName="is-active"
    aria-current="page"
    to="/create"
  >
    Create Expense
  </NavLink>
  <NavLink
    activeClassName="is-active"
    aria-current="page"
    to="/help"
  >
    Help
  </NavLink>
</header>
`;

exports[`should render not found page correctly 1`] = `
<div>
  404! - 
  <Link
    replace={false}
    to="/"
  >
    Go Home
  </Link>
</div>
`;
